<h1>Yes</h1><ul class="un-list"><li class="item">Item: Foo</li><li class="item">Item: Bar</li></ul>